
> rest-express@1.0.0 dev
> PORT=8000 NODE_ENV=development tsx server/index.ts

🔌 Connecting to database using postgres-js...
✅ Database connected using postgres-js
[storage] Using DatabaseStorage
⚠️  Node.js 18 and below are deprecated and will no longer be supported in future versions of @supabase/supabase-js. Please upgrade to Node.js 20 or later. For more information, visit: https://github.com/orgs/supabase/discussions/37217
1:12:12 AM [express] serving on port 8000
[baseline-browser-mapping] The data in this module is over two months old.  To ensure accurate Baseline data, please update: `npm i baseline-browser-mapping@latest -D`
1:12:17 AM [express] GET /api/version 200 in 96ms :: {"version":1767987732374,"timestamp":1767987737…
🔄 Sync request received: {
  email: 'memestreet1243@gmail.com',
  firstName: 'memestreet1243',
  lastName: '',
  role: 'student'
}
📊 Checking if user exists in database...
✅ Database query successful. User found: true
✅ Existing user found: f23f7cc2-52d1-4bb1-a086-bb37cd9d949f
🔐 Session set for user: f23f7cc2-52d1-4bb1-a086-bb37cd9d949f
1:12:18 AM [express] POST /api/auth/sync-supabase-user 200 in 552ms :: {"success":true,"user":{"id":…
🔄 Sync request received: {
  email: 'memestreet1243@gmail.com',
  firstName: 'memestreet1243',
  lastName: '',
  role: 'student'
}
📊 Checking if user exists in database...
🔄 Sync request received: {
  email: 'memestreet1243@gmail.com',
  firstName: 'memestreet1243',
  lastName: '',
  role: 'student'
}
📊 Checking if user exists in database...
🔄 Sync request received: {
  email: 'memestreet1243@gmail.com',
  firstName: 'memestreet1243',
  lastName: '',
  role: 'student'
}
📊 Checking if user exists in database...
🔄 Sync request received: {
  email: 'memestreet1243@gmail.com',
  firstName: 'memestreet1243',
  lastName: '',
  role: 'student'
}
📊 Checking if user exists in database...
Seeding educational categories...
Error fetching educational categories: PostgresError: invalid input value for enum subject: "General_Studies"
    at ErrorResponse (file:///Users/prithviraj/Desktop/StudentNotesMarketplace%209/node_modules/postgres/src/connection.js:794:26)
    at handle (file:///Users/prithviraj/Desktop/StudentNotesMarketplace%209/node_modules/postgres/src/connection.js:480:6)
    at Socket.data (file:///Users/prithviraj/Desktop/StudentNotesMarketplace%209/node_modules/postgres/src/connection.js:315:9)
    at Socket.emit (node:events:517:28)
    at addChunk (node:internal/streams/readable:368:12)
    at readableAddChunk (node:internal/streams/readable:341:9)
    at Readable.push (node:internal/streams/readable:278:10)
    at TCP.onStreamRead (node:internal/stream_base_commons:190:23) {
  severity_local: 'ERROR',
  severity: 'ERROR',
  code: '22P02',
  where: "unnamed portal parameter $110 = '...'",
  file: 'enum.c',
  line: '129',
  routine: 'enum_in'
}
1:12:18 AM [express] GET /api/educational-categories 200 in 389ms :: [{"id":"emergency-1","name":"Cl…
✅ Database query successful. User found: true
✅ Existing user found: f23f7cc2-52d1-4bb1-a086-bb37cd9d949f
✅ Database query successful. User found: true
✅ Existing user found: f23f7cc2-52d1-4bb1-a086-bb37cd9d949f
✅ Database query successful. User found: true
✅ Existing user found: f23f7cc2-52d1-4bb1-a086-bb37cd9d949f
✅ Database query successful. User found: true
✅ Existing user found: f23f7cc2-52d1-4bb1-a086-bb37cd9d949f
🔐 Session set for user: f23f7cc2-52d1-4bb1-a086-bb37cd9d949f
🔐 Session set for user: f23f7cc2-52d1-4bb1-a086-bb37cd9d949f
🔐 Session set for user: f23f7cc2-52d1-4bb1-a086-bb37cd9d949f
🔐 Session set for user: f23f7cc2-52d1-4bb1-a086-bb37cd9d949f
1:12:18 AM [express] POST /api/auth/sync-supabase-user 200 in 543ms :: {"success":true,"user":{"id":…
1:12:18 AM [express] POST /api/auth/sync-supabase-user 200 in 526ms :: {"success":true,"user":{"id":…
1:12:18 AM [express] POST /api/auth/sync-supabase-user 200 in 550ms :: {"success":true,"user":{"id":…
1:12:18 AM [express] POST /api/auth/sync-supabase-user 200 in 553ms :: {"success":true,"user":{"id":…
🔒 Auth check: {
  isAuthenticated: false,
  hasUser: false,
  sessionID: 'wlZcAZCDqHeTUI6My4KSIBQCwPX3TVAp',
  userId: undefined,
  sessionUserId: 'f23f7cc2-52d1-4bb1-a086-bb37cd9d949f',
  path: '/api/user/stats'
}
🔒 Auth check: {
  isAuthenticated: false,
  hasUser: false,
  sessionID: 'wlZcAZCDqHeTUI6My4KSIBQCwPX3TVAp',
  userId: undefined,
  sessionUserId: 'f23f7cc2-52d1-4bb1-a086-bb37cd9d949f',
  path: '/api/user/subject-stats'
}
✅ Loaded user from Supabase session: f23f7cc2-52d1-4bb1-a086-bb37cd9d949f
✅ Authentication successful for user: f23f7cc2-52d1-4bb1-a086-bb37cd9d949f
✅ Loaded user from Supabase session: f23f7cc2-52d1-4bb1-a086-bb37cd9d949f
✅ Authentication successful for user: f23f7cc2-52d1-4bb1-a086-bb37cd9d949f
1:12:19 AM [express] GET /api/user/subject-stats 200 in 344ms :: []
1:12:19 AM [express] GET /api/user/stats 200 in 504ms :: {"notesUploaded":0,"totalEarnings":0,"total…
1:12:48 AM [express] GET /api/version 200 in 314ms :: {"version":1767987732374,"timestamp":176798776…
1:13:18 AM [express] GET /api/version 200 in 315ms :: {"version":1767987732374,"timestamp":176798779…
1:13:48 AM [express] GET /api/version 200 in 355ms :: {"version":1767987732374,"timestamp":176798782…
1:14:18 AM [express] GET /api/version 200 in 274ms :: {"version":1767987732374,"timestamp":176798785…
1:14:50 AM [express] GET /api/version 200 in 3111ms :: {"version":1767987732374,"timestamp":17679878…
🔒 Auth check: {
  isAuthenticated: false,
  hasUser: false,
  sessionID: 'wlZcAZCDqHeTUI6My4KSIBQCwPX3TVAp',
  userId: undefined,
  sessionUserId: 'f23f7cc2-52d1-4bb1-a086-bb37cd9d949f',
  path: '/api/notes'
}
✅ Loaded user from Supabase session: f23f7cc2-52d1-4bb1-a086-bb37cd9d949f
✅ Authentication successful for user: f23f7cc2-52d1-4bb1-a086-bb37cd9d949f
📤 Uploading files to Supabase Storage...
✅ File uploaded to Supabase: f23f7cc2-52d1-4bb1-a086-bb37cd9d949f/Physics/d3c41658-c48f-4bc1-8947-f959e2486807.pdf
✅ Files uploaded to Supabase: 1
User f23f7cc2-52d1-4bb1-a086-bb37cd9d949f performed action: note_uploaded {
  noteId: '27e6dfca-832d-46ce-90c1-44dc23ebca05',
  noteTitle: 'Test Physics Notes',
  subject: 'Physics',
  classGrade: 'Class 12',
  coinsEarned: 0,
  fileCount: 1
}
1:14:58 AM [express] POST /api/notes 200 in 4054ms :: {"id":"27e6dfca-832d-46ce-90c1-44dc23ebca05","…
🔒 Auth check: {
  isAuthenticated: false,
  hasUser: false,
  sessionID: 'wlZcAZCDqHeTUI6My4KSIBQCwPX3TVAp',
  userId: undefined,
  sessionUserId: 'f23f7cc2-52d1-4bb1-a086-bb37cd9d949f',
  path: '/api/user/stats/update'
}
✅ Loaded user from Supabase session: f23f7cc2-52d1-4bb1-a086-bb37cd9d949f
✅ Authentication successful for user: f23f7cc2-52d1-4bb1-a086-bb37cd9d949f
1:14:59 AM [express] POST /api/user/stats/update 200 in 357ms :: {"message":"Stats updated successfu…
🔒 Auth check: {
  isAuthenticated: false,
  hasUser: false,
  sessionID: 'wlZcAZCDqHeTUI6My4KSIBQCwPX3TVAp',
  userId: undefined,
  sessionUserId: 'f23f7cc2-52d1-4bb1-a086-bb37cd9d949f',
  path: '/api/user/stats'
}
✅ Loaded user from Supabase session: f23f7cc2-52d1-4bb1-a086-bb37cd9d949f
✅ Authentication successful for user: f23f7cc2-52d1-4bb1-a086-bb37cd9d949f
🔒 Auth check: {
  isAuthenticated: false,
  hasUser: false,
  sessionID: 'wlZcAZCDqHeTUI6My4KSIBQCwPX3TVAp',
  userId: undefined,
  sessionUserId: 'f23f7cc2-52d1-4bb1-a086-bb37cd9d949f',
  path: '/api/user/subject-stats'
}
1:14:59 AM [express] GET /api/user/stats 200 in 511ms :: {"notesUploaded":1,"totalEarnings":40,"tota…
✅ Loaded user from Supabase session: f23f7cc2-52d1-4bb1-a086-bb37cd9d949f
✅ Authentication successful for user: f23f7cc2-52d1-4bb1-a086-bb37cd9d949f
1:14:59 AM [express] GET /api/user/subject-stats 200 in 806ms :: [{"subject":"Physics","notesCount":…
1:15:18 AM [express] GET /api/version 200 in 168ms :: {"version":1767987732374,"timestamp":176798791…
1:15:18 AM [express] GET /api/version 200 in 97ms :: {"version":1767987732374,"timestamp":1767987918…
🔄 Sync request received: {
  email: 'memestreet1243@gmail.com',
  firstName: 'memestreet1243',
  lastName: '',
  role: 'student'
}
📊 Checking if user exists in database...
🔄 Sync request received: {
  email: 'memestreet1243@gmail.com',
  firstName: 'memestreet1243',
  lastName: '',
  role: 'student'
}
📊 Checking if user exists in database...
🔄 Sync request received: {
  email: 'memestreet1243@gmail.com',
  firstName: 'memestreet1243',
  lastName: '',
  role: 'student'
}
📊 Checking if user exists in database...
🔄 Sync request received: {
  email: 'memestreet1243@gmail.com',
  firstName: 'memestreet1243',
  lastName: '',
  role: 'student'
}
📊 Checking if user exists in database...
🔄 Sync request received: {
  email: 'memestreet1243@gmail.com',
  firstName: 'memestreet1243',
  lastName: '',
  role: 'student'
}
📊 Checking if user exists in database...
🔄 Sync request received: {
  email: 'memestreet1243@gmail.com',
  firstName: 'memestreet1243',
  lastName: '',
  role: 'student'
}
📊 Checking if user exists in database...
✅ Database query successful. User found: true
✅ Existing user found: f23f7cc2-52d1-4bb1-a086-bb37cd9d949f
✅ Database query successful. User found: true
✅ Existing user found: f23f7cc2-52d1-4bb1-a086-bb37cd9d949f
🔐 Session set for user: f23f7cc2-52d1-4bb1-a086-bb37cd9d949f
🔐 Session set for user: f23f7cc2-52d1-4bb1-a086-bb37cd9d949f
1:15:19 AM [express] POST /api/auth/sync-supabase-user 200 in 253ms :: {"success":true,"user":{"id":…
1:15:19 AM [express] POST /api/auth/sync-supabase-user 200 in 268ms :: {"success":true,"user":{"id":…
✅ Database query successful. User found: true
✅ Existing user found: f23f7cc2-52d1-4bb1-a086-bb37cd9d949f
✅ Database query successful. User found: true
✅ Existing user found: f23f7cc2-52d1-4bb1-a086-bb37cd9d949f
✅ Database query successful. User found: true
✅ Existing user found: f23f7cc2-52d1-4bb1-a086-bb37cd9d949f
🔐 Session set for user: f23f7cc2-52d1-4bb1-a086-bb37cd9d949f
✅ Database query successful. User found: true
✅ Existing user found: f23f7cc2-52d1-4bb1-a086-bb37cd9d949f
🔐 Session set for user: f23f7cc2-52d1-4bb1-a086-bb37cd9d949f
🔐 Session set for user: f23f7cc2-52d1-4bb1-a086-bb37cd9d949f
1:15:19 AM [express] POST /api/auth/sync-supabase-user 200 in 544ms :: {"success":true,"user":{"id":…
1:15:19 AM [express] POST /api/auth/sync-supabase-user 200 in 585ms :: {"success":true,"user":{"id":…
1:15:19 AM [express] POST /api/auth/sync-supabase-user 200 in 584ms :: {"success":true,"user":{"id":…
🔐 Session set for user: f23f7cc2-52d1-4bb1-a086-bb37cd9d949f
1:15:19 AM [express] POST /api/auth/sync-supabase-user 200 in 546ms :: {"success":true,"user":{"id":…
1:15:24 AM [express] POST /api/admin/login 401 in 284ms :: {"success":false,"message":"Invalid admin…
✅ Admin logged in: { username: 'admin', id: 'e682da5f-5f26-483d-9a1f-2e21082c11d4' }
1:15:32 AM [express] POST /api/admin/login 200 in 539ms :: {"success":true,"message":"Admin login su…
1:15:48 AM [express] POST /api/admin/login 401 in 370ms :: {"success":false,"message":"Invalid admin…
1:15:48 AM [express] GET /api/version 200 in 320ms :: {"version":1767987732374,"timestamp":176798794…
1:15:49 AM [express] GET /api/version 200 in 81ms :: {"version":1767987732374,"timestamp":1767987949…
1:16:19 AM [express] GET /api/version 200 in 311ms :: {"version":1767987732374,"timestamp":176798797…
1:16:21 AM [express] GET /api/version 200 in 76ms :: {"version":1767987732374,"timestamp":1767987981…
1:16:50 AM [express] GET /api/version 200 in 369ms :: {"version":1767987732374,"timestamp":176798801…
1:17:20 AM [express] GET /api/version 200 in 341ms :: {"version":1767987732374,"timestamp":176798804…
1:17:21 AM [express] GET /api/version 200 in 169ms :: {"version":1767987732374,"timestamp":176798804…
1:17:29 AM [express] POST /api/admin/login 401 in 394ms :: {"success":false,"message":"Invalid admin…
1:17:50 AM [express] GET /api/version 200 in 272ms :: {"version":1767987732374,"timestamp":176798807…
✅ Admin logged in: { username: 'admin', id: 'e682da5f-5f26-483d-9a1f-2e21082c11d4' }
1:18:08 AM [express] POST /api/admin/login 200 in 854ms :: {"success":true,"message":"Admin login su…
1:18:20 AM [express] GET /api/version 200 in 304ms :: {"version":1767987732374,"timestamp":176798810…
1:18:21 AM [express] GET /api/version 200 in 90ms :: {"version":1767987732374,"timestamp":1767988101…
🔄 Sync request received: {
  email: 'memestreet1243@gmail.com',
  firstName: 'memestreet1243',
  lastName: '',
  role: 'student'
}
📊 Checking if user exists in database...
✅ Database query successful. User found: true
✅ Existing user found: f23f7cc2-52d1-4bb1-a086-bb37cd9d949f
🔐 Session set for user: f23f7cc2-52d1-4bb1-a086-bb37cd9d949f
🔄 Sync request received: {
  email: 'memestreet1243@gmail.com',
  firstName: 'memestreet1243',
  lastName: '',
  role: 'student'
}
📊 Checking if user exists in database...
🔄 Sync request received: {
  email: 'memestreet1243@gmail.com',
  firstName: 'memestreet1243',
  lastName: '',
  role: 'student'
}
📊 Checking if user exists in database...
🔄 Sync request received: {
  email: 'memestreet1243@gmail.com',
  firstName: 'memestreet1243',
  lastName: '',
  role: 'student'
}
📊 Checking if user exists in database...
🔄 Sync request received: {
  email: 'memestreet1243@gmail.com',
  firstName: 'memestreet1243',
  lastName: '',
  role: 'student'
}
📊 Checking if user exists in database...
🔄 Sync request received: {
  email: 'memestreet1243@gmail.com',
  firstName: 'memestreet1243',
  lastName: '',
  role: 'student'
}
📊 Checking if user exists in database...
1:18:21 AM [express] POST /api/auth/sync-supabase-user 200 in 337ms :: {"success":true,"user":{"id":…
✅ Database query successful. User found: true
✅ Existing user found: f23f7cc2-52d1-4bb1-a086-bb37cd9d949f
🔐 Session set for user: f23f7cc2-52d1-4bb1-a086-bb37cd9d949f
1:18:21 AM [express] POST /api/auth/sync-supabase-user 200 in 496ms :: {"success":true,"user":{"id":…
✅ Database query successful. User found: true
✅ Existing user found: f23f7cc2-52d1-4bb1-a086-bb37cd9d949f
✅ Database query successful. User found: true
✅ Existing user found: f23f7cc2-52d1-4bb1-a086-bb37cd9d949f
✅ Database query successful. User found: true
✅ Existing user found: f23f7cc2-52d1-4bb1-a086-bb37cd9d949f
✅ Database query successful. User found: true
✅ Existing user found: f23f7cc2-52d1-4bb1-a086-bb37cd9d949f
🔐 Session set for user: f23f7cc2-52d1-4bb1-a086-bb37cd9d949f
🔐 Session set for user: f23f7cc2-52d1-4bb1-a086-bb37cd9d949f
🔐 Session set for user: f23f7cc2-52d1-4bb1-a086-bb37cd9d949f
🔐 Session set for user: f23f7cc2-52d1-4bb1-a086-bb37cd9d949f
1:18:22 AM [express] POST /api/auth/sync-supabase-user 200 in 769ms :: {"success":true,"user":{"id":…
1:18:22 AM [express] POST /api/auth/sync-supabase-user 200 in 771ms :: {"success":true,"user":{"id":…
1:18:22 AM [express] POST /api/auth/sync-supabase-user 200 in 812ms :: {"success":true,"user":{"id":…
1:18:22 AM [express] POST /api/auth/sync-supabase-user 200 in 816ms :: {"success":true,"user":{"id":…
✅ Admin logged in: { username: 'admin', id: 'e682da5f-5f26-483d-9a1f-2e21082c11d4' }
1:18:23 AM [express] POST /api/admin/login 200 in 517ms :: {"success":true,"message":"Admin login su…
🔄 Sync request received: {
  email: 'memestreet1243@gmail.com',
  firstName: 'memestreet1243',
  lastName: '',
  role: 'student'
}
📊 Checking if user exists in database...
Error fetching dashboard stats: TypeError: storage.getAllNotes is not a function
    at file:///Users/prithviraj/Desktop/StudentNotesMarketplace%209/server/routes.ts:26:6243
    at process.processTicksAndRejections (node:internal/process/task_queues:95:5)
✅ Database query successful. User found: true
✅ Existing user found: f23f7cc2-52d1-4bb1-a086-bb37cd9d949f
1:18:24 AM [express] GET /api/admin/dashboard-stats 500 in 206ms :: {"message":"Failed to fetch dash…
🔐 Session set for user: f23f7cc2-52d1-4bb1-a086-bb37cd9d949f
1:18:24 AM [express] POST /api/auth/sync-supabase-user 200 in 320ms :: {"success":true,"user":{"id":…
Admin session check: {
  adminAccountId: 'e682da5f-5f26-483d-9a1f-2e21082c11d4',
  isAdmin: true,
  session: Session {
    cookie: {
      path: '/',
      _expires: 2026-01-16T17:48:20.518Z,
      originalMaxAge: 604800000,
      httpOnly: true,
      secure: false
    },
    userId: 'f23f7cc2-52d1-4bb1-a086-bb37cd9d949f',
    isAdmin: true,
    adminToken: '86a665ab-e3ad-4876-9e1d-fd91b1f9c00e',
    adminAccountId: 'e682da5f-5f26-483d-9a1f-2e21082c11d4',
    supabaseUserId: 'ffde3797-bb47-4abf-8871-409c83441c47'
  }
}
🔄 Sync request received: {
  email: 'memestreet1243@gmail.com',
  firstName: 'memestreet1243',
  lastName: '',
  role: 'student'
}
📊 Checking if user exists in database...
✅ Database query successful. User found: true
✅ Existing user found: f23f7cc2-52d1-4bb1-a086-bb37cd9d949f
🔐 Session set for user: f23f7cc2-52d1-4bb1-a086-bb37cd9d949f
1:18:27 AM [express] POST /api/auth/sync-supabase-user 200 in 253ms :: {"success":true,"user":{"id":…
1:18:27 AM [express] GET /api/admin/users 200 in 625ms :: [{"id":"017bf775-20df-4d64-bb43-65f4806aa8…
🔄 Sync request received: {
  email: 'memestreet1243@gmail.com',
  firstName: 'memestreet1243',
  lastName: '',
  role: 'student'
}
📊 Checking if user exists in database...
1:18:33 AM [express] GET /api/admin/notes/all 404 in 94ms
✅ Database query successful. User found: true
✅ Existing user found: f23f7cc2-52d1-4bb1-a086-bb37cd9d949f
🔐 Session set for user: f23f7cc2-52d1-4bb1-a086-bb37cd9d949f
1:18:33 AM [express] POST /api/auth/sync-supabase-user 200 in 324ms :: {"success":true,"user":{"id":…
🔄 Sync request received: {
  email: 'memestreet1243@gmail.com',
  firstName: 'memestreet1243',
  lastName: '',
  role: 'student'
}
📊 Checking if user exists in database...
🔄 Sync request received: {
  email: 'memestreet1243@gmail.com',
  firstName: 'memestreet1243',
  lastName: '',
  role: 'student'
}
📊 Checking if user exists in database...
🔄 Sync request received: {
  email: 'memestreet1243@gmail.com',
  firstName: 'memestreet1243',
  lastName: '',
  role: 'student'
}
📊 Checking if user exists in database...
✅ Database query successful. User found: true
✅ Existing user found: f23f7cc2-52d1-4bb1-a086-bb37cd9d949f
✅ Database query successful. User found: true
✅ Existing user found: f23f7cc2-52d1-4bb1-a086-bb37cd9d949f
✅ Database query successful. User found: true
✅ Existing user found: f23f7cc2-52d1-4bb1-a086-bb37cd9d949f
🔄 Sync request received: {
  email: 'memestreet1243@gmail.com',
  firstName: 'memestreet1243',
  lastName: '',
  role: 'student'
}
📊 Checking if user exists in database...
🔐 Session set for user: f23f7cc2-52d1-4bb1-a086-bb37cd9d949f
🔐 Session set for user: f23f7cc2-52d1-4bb1-a086-bb37cd9d949f
🔐 Session set for user: f23f7cc2-52d1-4bb1-a086-bb37cd9d949f
🔄 Sync request received: {
  email: 'memestreet1243@gmail.com',
  firstName: 'memestreet1243',
  lastName: '',
  role: 'student'
}
📊 Checking if user exists in database...
1:18:42 AM [express] POST /api/auth/sync-supabase-user 200 in 312ms :: {"success":true,"user":{"id":…
1:18:42 AM [express] POST /api/auth/sync-supabase-user 200 in 313ms :: {"success":true,"user":{"id":…
1:18:42 AM [express] POST /api/auth/sync-supabase-user 200 in 315ms :: {"success":true,"user":{"id":…
🔄 Sync request received: {
  email: 'memestreet1243@gmail.com',
  firstName: 'memestreet1243',
  lastName: '',
  role: 'student'
}
📊 Checking if user exists in database...
🔄 Sync request received: {
  email: 'memestreet1243@gmail.com',
  firstName: 'memestreet1243',
  lastName: '',
  role: 'student'
}
📊 Checking if user exists in database...
✅ Database query successful. User found: true
✅ Existing user found: f23f7cc2-52d1-4bb1-a086-bb37cd9d949f
✅ Database query successful. User found: true
✅ Existing user found: f23f7cc2-52d1-4bb1-a086-bb37cd9d949f
✅ Database query successful. User found: true
✅ Existing user found: f23f7cc2-52d1-4bb1-a086-bb37cd9d949f
🔐 Session set for user: f23f7cc2-52d1-4bb1-a086-bb37cd9d949f
🔐 Session set for user: f23f7cc2-52d1-4bb1-a086-bb37cd9d949f
✅ Database query successful. User found: true
✅ Existing user found: f23f7cc2-52d1-4bb1-a086-bb37cd9d949f
1:18:42 AM [express] POST /api/auth/sync-supabase-user 200 in 497ms :: {"success":true,"user":{"id":…
🔐 Session set for user: f23f7cc2-52d1-4bb1-a086-bb37cd9d949f
1:18:42 AM [express] POST /api/auth/sync-supabase-user 200 in 500ms :: {"success":true,"user":{"id":…
1:18:42 AM [express] POST /api/auth/sync-supabase-user 200 in 530ms :: {"success":true,"user":{"id":…
🔐 Session set for user: f23f7cc2-52d1-4bb1-a086-bb37cd9d949f
1:18:43 AM [express] POST /api/auth/sync-supabase-user 200 in 367ms :: {"success":true,"user":{"id":…
1:18:47 AM [express] GET /api/version 200 in 73ms :: {"version":1767987732374,"timestamp":1767988127…
1:18:50 AM [express] GET /api/version 200 in 82ms :: {"version":1767987732374,"timestamp":1767988130…
1:19:18 AM [express] GET /api/version 200 in 280ms :: {"version":1767987732374,"timestamp":176798815…
1:19:20 AM [express] GET /api/version 200 in 83ms :: {"version":1767987732374,"timestamp":1767988160…
🔒 Auth check: {
  isAuthenticated: false,
  hasUser: false,
  sessionID: 'wlZcAZCDqHeTUI6My4KSIBQCwPX3TVAp',
  userId: undefined,
  sessionUserId: 'f23f7cc2-52d1-4bb1-a086-bb37cd9d949f',
  path: '/api/notes'
}
✅ Loaded user from Supabase session: f23f7cc2-52d1-4bb1-a086-bb37cd9d949f
✅ Authentication successful for user: f23f7cc2-52d1-4bb1-a086-bb37cd9d949f
📤 Uploading files to Supabase Storage...
✅ File uploaded to Supabase: f23f7cc2-52d1-4bb1-a086-bb37cd9d949f/Physics/cfdfdace-3046-449b-84fb-17c4cffe0f0e.pdf
✅ Files uploaded to Supabase: 1
User f23f7cc2-52d1-4bb1-a086-bb37cd9d949f performed action: note_uploaded {
  noteId: 'd53819ed-c5bf-46e2-8dc7-3896b715657b',
  noteTitle: 'physics',
  subject: 'Physics',
  classGrade: 'Class 11',
  coinsEarned: 0,
  fileCount: 1
}
1:19:42 AM [express] POST /api/notes 200 in 4661ms :: {"id":"d53819ed-c5bf-46e2-8dc7-3896b715657b","…
🔒 Auth check: {
  isAuthenticated: false,
  hasUser: false,
  sessionID: 'wlZcAZCDqHeTUI6My4KSIBQCwPX3TVAp',
  userId: undefined,
  sessionUserId: 'f23f7cc2-52d1-4bb1-a086-bb37cd9d949f',
  path: '/api/user/stats/update'
}
✅ Loaded user from Supabase session: f23f7cc2-52d1-4bb1-a086-bb37cd9d949f
✅ Authentication successful for user: f23f7cc2-52d1-4bb1-a086-bb37cd9d949f
1:19:42 AM [express] POST /api/user/stats/update 200 in 432ms :: {"message":"Stats updated successfu…
🔒 Auth check: {
  isAuthenticated: false,
  hasUser: false,
  sessionID: 'wlZcAZCDqHeTUI6My4KSIBQCwPX3TVAp',
  userId: undefined,
  sessionUserId: 'f23f7cc2-52d1-4bb1-a086-bb37cd9d949f',
  path: '/api/user/stats'
}
✅ Loaded user from Supabase session: f23f7cc2-52d1-4bb1-a086-bb37cd9d949f
✅ Authentication successful for user: f23f7cc2-52d1-4bb1-a086-bb37cd9d949f
🔒 Auth check: {
  isAuthenticated: false,
  hasUser: false,
  sessionID: 'wlZcAZCDqHeTUI6My4KSIBQCwPX3TVAp',
  userId: undefined,
  sessionUserId: 'f23f7cc2-52d1-4bb1-a086-bb37cd9d949f',
  path: '/api/user/subject-stats'
}
1:19:43 AM [express] GET /api/user/stats 200 in 477ms :: {"notesUploaded":2,"totalEarnings":80,"tota…
✅ Loaded user from Supabase session: f23f7cc2-52d1-4bb1-a086-bb37cd9d949f
✅ Authentication successful for user: f23f7cc2-52d1-4bb1-a086-bb37cd9d949f
1:19:43 AM [express] GET /api/user/subject-stats 200 in 768ms :: [{"subject":"Physics","notesCount":…
🔄 Sync request received: {
  email: 'memestreet1243@gmail.com',
  firstName: 'memestreet1243',
  lastName: '',
  role: 'student'
}
📊 Checking if user exists in database...
🔄 Sync request received: {
  email: 'memestreet1243@gmail.com',
  firstName: 'memestreet1243',
  lastName: '',
  role: 'student'
}
📊 Checking if user exists in database...
✅ Database query successful. User found: true
✅ Existing user found: f23f7cc2-52d1-4bb1-a086-bb37cd9d949f
✅ Database query successful. User found: true
✅ Existing user found: f23f7cc2-52d1-4bb1-a086-bb37cd9d949f
🔄 Sync request received: {
  email: 'memestreet1243@gmail.com',
  firstName: 'memestreet1243',
  lastName: '',
  role: 'student'
}
📊 Checking if user exists in database...
🔐 Session set for user: f23f7cc2-52d1-4bb1-a086-bb37cd9d949f
🔄 Sync request received: {
  email: 'memestreet1243@gmail.com',
  firstName: 'memestreet1243',
  lastName: '',
  role: 'student'
}
📊 Checking if user exists in database...
🔄 Sync request received: {
  email: 'memestreet1243@gmail.com',
  firstName: 'memestreet1243',
  lastName: '',
  role: 'student'
}
📊 Checking if user exists in database...
🔄 Sync request received: {
  email: 'memestreet1243@gmail.com',
  firstName: 'memestreet1243',
  lastName: '',
  role: 'student'
}
📊 Checking if user exists in database...
🔐 Session set for user: f23f7cc2-52d1-4bb1-a086-bb37cd9d949f
1:19:47 AM [express] POST /api/auth/sync-supabase-user 200 in 354ms :: {"success":true,"user":{"id":…
1:19:47 AM [express] POST /api/auth/sync-supabase-user 200 in 346ms :: {"success":true,"user":{"id":…
🔄 Sync request received: {
  email: 'memestreet1243@gmail.com',
  firstName: 'memestreet1243',
  lastName: '',
  role: 'student'
}
📊 Checking if user exists in database...
✅ Database query successful. User found: true
✅ Existing user found: f23f7cc2-52d1-4bb1-a086-bb37cd9d949f
✅ Database query successful. User found: true
✅ Existing user found: f23f7cc2-52d1-4bb1-a086-bb37cd9d949f
🔐 Session set for user: f23f7cc2-52d1-4bb1-a086-bb37cd9d949f
1:19:47 AM [express] POST /api/auth/sync-supabase-user 200 in 506ms :: {"success":true,"user":{"id":…
🔐 Session set for user: f23f7cc2-52d1-4bb1-a086-bb37cd9d949f
✅ Database query successful. User found: true
✅ Existing user found: f23f7cc2-52d1-4bb1-a086-bb37cd9d949f
1:19:47 AM [express] POST /api/auth/sync-supabase-user 200 in 255ms :: {"success":true,"user":{"id":…
✅ Database query successful. User found: true
✅ Existing user found: f23f7cc2-52d1-4bb1-a086-bb37cd9d949f
✅ Database query successful. User found: true
✅ Existing user found: f23f7cc2-52d1-4bb1-a086-bb37cd9d949f
🔐 Session set for user: f23f7cc2-52d1-4bb1-a086-bb37cd9d949f
🔐 Session set for user: f23f7cc2-52d1-4bb1-a086-bb37cd9d949f
🔐 Session set for user: f23f7cc2-52d1-4bb1-a086-bb37cd9d949f
1:19:48 AM [express] POST /api/auth/sync-supabase-user 200 in 809ms :: {"success":true,"user":{"id":…
1:19:48 AM [express] POST /api/auth/sync-supabase-user 200 in 810ms :: {"success":true,"user":{"id":…
1:19:48 AM [express] POST /api/auth/sync-supabase-user 200 in 811ms :: {"success":true,"user":{"id":…
1:19:48 AM [express] GET /api/version 200 in 83ms :: {"version":1767987732374,"timestamp":1767988188…
1:19:49 AM [express] GET /api/version 200 in 101ms :: {"version":1767987732374,"timestamp":176798818…
1:19:52 AM [express] GET /api/version 200 in 93ms :: {"version":1767987732374,"timestamp":1767988192…
🔄 Sync request received: {
  email: 'memestreet1243@gmail.com',
  firstName: 'memestreet1243',
  lastName: '',
  role: 'student'
}
📊 Checking if user exists in database...
🔄 Sync request received: {
  email: 'memestreet1243@gmail.com',
  firstName: 'memestreet1243',
  lastName: '',
  role: 'student'
}
📊 Checking if user exists in database...
🔄 Sync request received: {
  email: 'memestreet1243@gmail.com',
  firstName: 'memestreet1243',
  lastName: '',
  role: 'student'
}
📊 Checking if user exists in database...
🔄 Sync request received: {
  email: 'memestreet1243@gmail.com',
  firstName: 'memestreet1243',
  lastName: '',
  role: 'student'
}
📊 Checking if user exists in database...
🔄 Sync request received: {
  email: 'memestreet1243@gmail.com',
  firstName: 'memestreet1243',
  lastName: '',
  role: 'student'
}
📊 Checking if user exists in database...
✅ Database query successful. User found: true
✅ Existing user found: f23f7cc2-52d1-4bb1-a086-bb37cd9d949f
✅ Database query successful. User found: true
✅ Existing user found: f23f7cc2-52d1-4bb1-a086-bb37cd9d949f
✅ Database query successful. User found: true
✅ Existing user found: f23f7cc2-52d1-4bb1-a086-bb37cd9d949f
✅ Database query successful. User found: true
✅ Existing user found: f23f7cc2-52d1-4bb1-a086-bb37cd9d949f
1:19:53 AM [express] GET /api/admin/notes/all 404 in 89ms
✅ Database query successful. User found: true
✅ Existing user found: f23f7cc2-52d1-4bb1-a086-bb37cd9d949f
🔄 Sync request received: {
  email: 'memestreet1243@gmail.com',
  firstName: 'memestreet1243',
  lastName: '',
  role: 'student'
}
📊 Checking if user exists in database...
🔐 Session set for user: f23f7cc2-52d1-4bb1-a086-bb37cd9d949f
🔐 Session set for user: f23f7cc2-52d1-4bb1-a086-bb37cd9d949f
🔐 Session set for user: f23f7cc2-52d1-4bb1-a086-bb37cd9d949f
🔐 Session set for user: f23f7cc2-52d1-4bb1-a086-bb37cd9d949f
🔐 Session set for user: f23f7cc2-52d1-4bb1-a086-bb37cd9d949f
1:19:53 AM [express] POST /api/auth/sync-supabase-user 200 in 356ms :: {"success":true,"user":{"id":…
1:19:53 AM [express] POST /api/auth/sync-supabase-user 200 in 361ms :: {"success":true,"user":{"id":…
1:19:53 AM [express] POST /api/auth/sync-supabase-user 200 in 358ms :: {"success":true,"user":{"id":…
1:19:53 AM [express] POST /api/auth/sync-supabase-user 200 in 359ms :: {"success":true,"user":{"id":…
1:19:53 AM [express] POST /api/auth/sync-supabase-user 200 in 359ms :: {"success":true,"user":{"id":…
🔄 Sync request received: {
  email: 'memestreet1243@gmail.com',
  firstName: 'memestreet1243',
  lastName: '',
  role: 'student'
}
📊 Checking if user exists in database...
✅ Database query successful. User found: true
✅ Existing user found: f23f7cc2-52d1-4bb1-a086-bb37cd9d949f
🔐 Session set for user: f23f7cc2-52d1-4bb1-a086-bb37cd9d949f
✅ Database query successful. User found: true
✅ Existing user found: f23f7cc2-52d1-4bb1-a086-bb37cd9d949f
1:19:53 AM [express] POST /api/auth/sync-supabase-user 200 in 243ms :: {"success":true,"user":{"id":…
🔐 Session set for user: f23f7cc2-52d1-4bb1-a086-bb37cd9d949f
1:19:53 AM [express] POST /api/auth/sync-supabase-user 200 in 548ms :: {"success":true,"user":{"id":…
1:20:18 AM [express] GET /api/version 200 in 393ms :: {"version":1767987732374,"timestamp":176798821…
1:20:23 AM [express] GET /api/version 200 in 151ms :: {"version":1767987732374,"timestamp":176798822…
1:20:53 AM [express] GET /api/version 200 in 300ms :: {"version":1767987732374,"timestamp":176798825…
1:21:21 AM [express] GET /api/version 200 in 353ms :: {"version":1767987732374,"timestamp":176798828…
